 0xffa12618    0x7c _exit
 0xffa125d6    0x42 __Atexit
 0xffa12594    0x42 _atexit
 0xffa12580    0x14 __theputchar
 0xffa12544    0x3a __put_string
 0xffa1237c   0x1c8 __doprnt_32
 0xffa11d6c   0x610 __print_float_32
 0xffa11b00   0x26a __print_fixed
 0xffa11868   0x298 __print_a_float_32
 0xffa11828    0x40 __mantissa_to_hex
 0xffa117fc    0x2a __primIO
 0xffa117a4    0x56 _PRIMITIVE_WRITE2
 0xffa11768    0x3c _flush_cache
 0xffa116f8    0x70 _PRIMITIVE_SEEK
 0xffa116a4    0x54 _PRIMITIVE_READ
 0xffa11668    0x3c _flush_cache
 0xffa11600    0x68 _PRIMITIVE_OPEN
 0xffa115b4    0x4a _PRIMITIVE_CLOSE
 0xffa11420   0x194 __parse_format
 0xffa113d0    0x4e __parse_field
 0xffa113a4    0x2a __pad
 0xffa11300    0xa2 __long_long_to_string
 0xffa11284    0x7a __long_to_string
 0xffa111c8    0xbc __flushwritebuf
 0xffa10ff8   0x1ce __do_output
 0xffa10faa    0x4c _primio_open
 0xffa10fa4     0x6 _primio_init
 0xffa10f6c    0x36 _fputc
 0xffa10efc    0x70 __fputc
 0xffa10eac    0x50 _fprintf
 0xffa10e9c    0x10 __flush_all_streams
 0xffa10e0e    0x8e __fflush
 0xffa10ddc    0x32 _fflush
 0xffa10d6c    0x70 _dev_write
 0xffa10c8c    0xde _init_devtab
 0xffa10c40    0x4c __getargv
 0xffa10c1e    0x22 __Unlock__Q2_3std8_IOMutexFv
 0xffa10bfc    0x22 __Lock__Q2_3std8_IOMutexFv
 0xffa10bba    0x42 ___process_needed_destructions__Fv
 0xffa10ba8    0x12 ___record_needed_destruction
 0xffa10b90    0x16 ___dl__FPv
 0xffa10b50    0x3e ___ctorloop
 0xffa10b20    0x2e ___sti___11_IOMutex_cpp_d9d0bca5
 0xffa10ae8    0x38 ___dt__Q2_3std8_IOMutexFv
 0xffa10a10    0xd6 __heap_malloc
 0xffa108f0   0x120 _findmem
 0xffa108c8    0x22 __Getmem
 0xffa10788   0x13e __heap_free
 0xffa10728    0x5e _memset
 0xffa106de    0x48 __heap_address_from_index
 0xffa1067c    0x62 __heap_lookup
 0xffa10668    0x12 __heap_install
 0xffa1059c    0xcc __heap_install_impl
 0xffa1058c    0x10 __peak_size
 0xffa1054a    0x42 __heap_peak_size
 0xffa1053a    0x10 __space_unused
 0xffa104d0    0x6a __heap_space_unused
 0xffa104c0     0xe _ReleaseMutex__3VDKF7MutexID
 0xffa104b2     0xe _AcquireMutex__3VDKF7MutexID
 0xffa1049c    0x16 _GetThreadID__3VDKFv
 0xffa1048e     0xe _PendSemaphore__3VDKF11SemaphoreIDUi
 0xffa10480     0xe _PostSemaphore__3VDKF11SemaphoreID
 0xffa1046a    0x16 _CreateSemaphore__3VDKFUiN31
 0xffa1045c     0xe __Unlockfileatomic
 0xffa1044e     0xe __Lockfileatomic
 0xffa10440     0xe __Unlocksyslock
 0xffa10432     0xe __Locksyslock
 0xffa103a6    0x8c _PushUnscheduledRegion__3VDKFv
 0xffa10308    0x9e _PopUnscheduledRegion__3VDKFv
 0xffa10278    0x90 _GetThreadSlotValue__3VDKFi
 0xffa101e8    0x90 _SetThreadSlotValue__3VDKFiPv
 0xffa1016e    0x7a _FreeThreadSlot__3VDKFi
 0xffa100da    0x94 _AllocateThreadSlotEx__3VDKFPiPFPv_v
 0xffa10014    0xc6 __mc_data_initialise
 0xffa1000e     0x6 _CreateSemaphore__Q2_3VDK13SemaphoreInfoFv
 0xffa1000a     0x4 _DestroySemaphore__3VDKF11SemaphoreID
 0xffa10004     0x6 _InitMutex__3VDKFPQ2_3VDK5MutexUib
 0xffa10000     0x4 _DeInitMutex__3VDKFPQ2_3VDK5Mutex
 0xffa03ff8     0x8 __Exit
 0xffa03ff0     0x6 __unknown_exception_occurred
 0xffa03fec     0x4 __install_default_handlers
 0xffa03fcc    0x1e _strchr
 0xffa03fb8    0x12 _malloc
 0xffa03fa4    0x12 _free
 0xffa03f98     0xa _abort
 0xffa03f82    0x14 __Sbrk
 0xffa03ee8    0x9a __heap_Sbrk
 0xffa03ea8    0x3e __heap_initheaps
 0xffa03e48    0x5e _raise
 0xffa03e38     0xe _get_atexit__Atfuns
 0xffa03e1e    0x1a _get_atexit__Atcount0
 0xffa03e04    0x1a _get_atexit__Atcount
 0xffa03d06    0xfe _get_atexit_data
 0xffa03c18    0xee _get_tm_data_ptr
 0xffa03b2a    0xee _get_asctime_data_ptr
 0xffa03aae    0x7c _get_rand_rv
 0xffa03a96    0x18 _get_rand_idx
 0xffa03a7e    0x18 _get_rand__Randseed
 0xffa03a70     0xe _get_rand__Randinit
 0xffa03994    0xdc _get_rand_data
 0xffa038ba    0xda _get_errno_errno
 0xffa037e0    0xda _get_strtok_ssave
 0xffa03708    0xd6 _fit_me
 0xffa0369c    0x6c _init_fit
 0xffa03622    0x78 _free_f3tensor
 0xffa035f4    0x2e _free_convert_matrix
 0xffa035c6    0x2e _free_submatrix
 0xffa03578    0x4e _free_imatrix
 0xffa0352a    0x4e _free_dmatrix
 0xffa034dc    0x4e _free_matrix
 0xffa034ba    0x22 _free_dvector
 0xffa03498    0x22 _free_lvector
 0xffa0347a    0x1e _free_cvector
 0xffa03458    0x22 _free_ivector
 0xffa03436    0x22 _free_vector
 0xffa03240   0x1f6 _f3tensor
 0xffa03194    0xac _convert_matrix
 0xffa030f2    0xa2 _submatrix
 0xffa03012    0xe0 _imatrix
 0xffa02f32    0xe0 _dmatrix
 0xffa02e52    0xe0 _matrix
 0xffa02e14    0x3e _dvector
 0xffa02dd6    0x3e _lvector
 0xffa02da0    0x36 _cvector
 0xffa02d62    0x3e _ivector
 0xffa02d24    0x3e _vector
 0xffa02cdc    0x48 _nrerror
 0xffa02cc2    0x1a _check_for_user_software_reset_button_press
 0xffa02b60   0x162 _main
 0xffa02a92    0xce _check_waveform
 0xffa029d4    0xbe _check_waveform_old
 0xffa02958    0x7c _clear_buffers
 0xffa0287c    0xdc _check_buffer
 0xffa02830    0x4c _check_buffers
 0xffa027cc    0x62 _setup_PLL
 0xffa027b0    0x1c _use_PLL
 0xffa02794    0x1c _bypass_PLL
 0xffa02694   0x100 _check_core_voltage
 0xffa02666    0x2e _setup_core_voltage_from_vlev
 0xffa02552   0x114 _core_voltage_to_vlev
 0xffa02528    0x2a _run_PLL_programming_sequence
 0xffa023f4   0x132 _gser
 0xffa023e0    0x14 _software_reset
 0xffa023c4    0x1c _enable_core_b
 0xffa02394    0x30 _delay_ms
 0xffa02200   0x194 _gcf
 0xffa02160    0x9e _gammq
 0xffa020a4    0xbc _gammln
 0xffa01c9c   0x406 _original_fit
 0xffa01c12    0x8a _output_pulses_proportional_to
 0xffa01b62    0xb0 _process_another_waveform
 0xffa01b2c    0x36 _wait_for_the_end_of_the_current_transfer_of_a_waveform_from_sdram_to_l1
 0xffa01ae6    0x46 _start_transfering_the_next_unprocessed_waveform_from_sdram_to_l1
 0xffa01acc    0x1a _disable_waveform_transfers_from_fpga
 0xffa01ab2    0x1a _enable_waveform_transfers_from_fpga
 0xffa01a92    0x20 _finished_processing_another_waveform
 0xffa01a5c    0x36 _show_number_of_unprocessed_waveforms
 0xffa01632   0x42a _process_waveform
 0xffa015de    0x54 _show_reason_for_aborting_analysis
 0xffa0151c    0xc2 _finished_getting_waveform_from_fpga_interrupt_service_routine
 0xffa014f8    0x24 _finished_another_waveform_transfer_from_fpga
 0xffa013d8   0x120 _fixed_point_fit_data_to_straight_line
 0xffa013ae    0x2a _pulse
 0xffa0138c    0x22 _pulse_multiple
 0xffa01324    0x68 _predicate_changes_to_state_machine_for_waveform_transfer_from_fpga
 0xffa0130c    0x18 _setup_dma_unidirectional_burst_lengths
 0xffa012e6    0x26 _enable_dma_transfers_from_fpga_via_ppi0
 0xffa012ac    0x3a _disable_interrupts_for_dma_transfers_from_fpga_via_ppi0
 0xffa01256    0x56 _setup_interrupts_for_dma_transfers_from_fpga_via_ppi0
 0xffa011e4    0x72 _setup_dma_transfers_from_fpga_via_ppi0
 0xffa011be    0x26 _enable_ppi_transfers_from_fpga_via_ppi0
 0xffa01176    0x48 _setup_ppi_transfers_from_fpga_via_ppi0
 0xffa01136    0x40 _initiate_dma_transfer_from_l3_buffer_to_l1_buffer
 0xffa01086    0xb0 _setup_single_dma_transfer_from_l3_buffer_to_l1_buffer
 0xffa0103a    0x4c _wait_until_mdma1_stream0_is_paused_or_stopped
 0xffa00f4e    0xec _init_dma
 0xffa00ee0    0x6e _dma_configuration_register
 0xffa00ec8    0x18 _acknowledge_interrupt_for_completion_of_waveform_transfer_from_fpga
 0xffa00eb0    0x18 _turn_off_led_pf0
 0xffa00e98    0x18 _turn_off_led_pf1
 0xffa00e34    0x64 _setup_leds_and_buttons
 0xffa00e1a    0x1a _state_of_button_pf2
 0xffa00e00    0x1a _state_of_button_pf3
 0xffa00d90    0x70 _pulse_led_on_pf0_indefinitely
 0xffa00ce4    0xac __sqrtf
 0xffa00c6c    0x78 ___moddi3
 0xffa00bf0    0x7a ___rem32
 0xffa00ad8   0x118 __logf
 0xffa009b4   0x122 ___float32_mul
 0xffa008d8    0xda ___float32_div
 0xffa0075c   0x17c ___float32_sub
 0xffa0071c    0x40 ___unsigned_int32_to_float32
 0xffa006d0    0x4c ___int32_to_float32
 0xffa006a4    0x2c ___float32_adi_lteq
 0xffa00674    0x2e ___float32_adi_lt
 0xffa0065c    0x18 ___float32_adi_eq
 0xffa00618    0x42 ___float32_to_unsigned_int32
 0xffa005d4    0x42 ___float32_to_int32_round_to_zero
 0xffa00480   0x154 __expf
 0xffa00350   0x130 ___udivdi3
 0xffa002d0    0x7e ___divrem_u32
 0xffa0024c    0x82 ___divdi3
 0xffa001e4    0x68 ___div_u32
 0xffa00160    0x82 ___div32
 0xffa00000    0xac start
 0xff900818  0x77e8 heaps_and_stack_in_L1_data_b
 0xff900010   0x800 _waveform_b
 0xff8023c8  0x5c38 heaps_and_stack_in_L1_data_a
 0xff802378    0x50 __Argv
 0xff802374     0x4 __cIOLock__3std
 0xff802370     0x4 ___nheaps
 0xff80236c     0x4 ___heaps
 0xff802310    0x5c __vector_table
 0xff80230c     0x4 _yy
 0xff802308     0x4 _xx
 0xff802304     0x4 _qq
 0xff802300     0x4 _chi2
 0xff8022fc     0x4 _sigb
 0xff8022f8     0x4 _siga
 0xff8022f4     0x4 _bb
 0xff8022f0    0x20 .epcbss
 0xff8022f0     0x4 _aa
 0xff8022ec     0x2 _pll_control_register_value
 0xff8022e8     0x4 _sqrarg
 0xff8022e6     0x2 _waveform_transfers_from_fpga_are_desired
 0xff8022e4     0x2 _waveform_transfers_from_fpga_are_allowed
 0xff8022e0     0x4 _index_of_next_waveform_to_process
 0xff8022dc     0xc .epcbss
 0xff8022dc     0x4 _number_of_unprocessed_waveforms
 0xff8022da     0x2 _ppi0_control_base_value
 0xff8022d8     0x2 _dma1_0_config_base_value
 0xff8022d6     0x2 _mdma1_S0_config_base_value
 0xff8022d4     0x8 .epcbss
 0xff8022d4     0x2 _mdma1_D0_config_base_value
 0xff80220c    0xc8 _DeviceIOtable
 0xff80216c    0xa0 __Atfuns
 0xff8020cc    0xa0 __Atdata
 0xff8020c8     0x4 __exit_value
 0xff8020c4     0x4 __Atcount0
 0xff8020c0     0xc .epcdata
 0xff8020bc     0x1 .epcdata
 0xff8020b8     0x1 __flush_all_streams_registered
 0xff802078    0x40 __Files
 0xff802030    0x48 __Stderr
 0xff801fe8    0x48 __Stdout
 0xff801fa0    0x48 __Stdin
 0xff801f74    0x2c _primio_deventry
 0xff801f4c    0x28 _DevDrvTable
 0xff801f4a     0x2 _stdioinit
 0xff801f48     0x4 .epcdata
 0xff801f48     0x2 _devtab_initialized
 0xff801f44     0x1 ___argv_string
 0xff801f40     0x1 .epcdata
 0xff801f3c     0x4 _needed_destruction_head
 0xff801f38     0x1 .epcdata
 0xff801f34     0x4 .epcdata
 0xff801f28     0xc .epcdata
 0xff801f24     0x4 .epcdata
 0xff801f20     0x4 .epcdata
 0xff801f1c     0x4 __mc_data_initialised.0
 0xff801f18     0x1 .epcdata
 0xff801b18   0x400 _waveform0
 0xff801b14     0x2 _noise
 0xff801afc    0x18 _cof.0
 0xff801af6     0x2 _number_of_l1_waveforms_that_have_new_data
 0xff801af4     0x7 .epcdata
 0xff801af4     0x2 _number_of_l1_waveforms_that_are_currently_being_transferred
 0xff801af0     0x1 .epcdata
 0xff801a10    0xe0 ___SQRT_Seed_Table
 0xff8019ec    0x23 .salloca.14
 0xff8019c8    0x23 .salloca.13
 0xff8019a4    0x23 .salloca.12
 0xff80197c    0x27 .salloca.11
 0xff801958    0x22 .salloca.10
 0xff801934    0x21 .salloca.9
 0xff801910    0x21 .salloca.8
 0xff8018f0    0x20 .salloca.7
 0xff8018d0    0x20 .salloca.6
 0xff8018b0    0x20 .salloca.5
 0xff801890    0x20 .salloca.4
 0xff801870    0x1f .salloca.3
 0xff801850    0x1d .snowexi.2
 0xff801828    0x25 .sNumeri.0
 0xff801824     0x4 .epcrodata
 0xff801820     0x2 .epcrodata
 0xff8017f0    0x2d .satoola.1
 0xff8017d0    0x1e .sxlesst.0
 0xff8017ac    0x24 .satoola.0
 0xff801788    0x23 .sInvali.0
 0xff80176c    0x1c .SWITCH.3
 0xff8016e8    0x84 .SWITCH.2
 0xff8016b0    0x38 .static0
 0xff8016a4     0xb .epcrodata
 0xff80167c    0x28 __pwr10
 0xff801664    0x18 __pvLookupTable
 0xff801644    0x1e .epcrodata
 0xff801618    0x2c .epcrodata
 0xff801604    0x11 .s012345.1
 0xff8015f0    0x11 .s012345.0
 0xff8015e4     0xb .epcrodata
 0xff8015d0    0x11 .s012345.1
 0xff8015bc    0x11 .s012345.0
 0xff8015a8    0x11 .s012345.1
 0xff801594    0x11 .s012345.0
 0xff80157c    0x18 _heap_table
 0xff801578     0x4 __Godot
 0xff801574     0x4 __lone_SHARC
 0xff801558    0x1c _PrimIOCB
 0xff800f24   0x634 _icplbs_table
 0xff800800   0x724 _dcplbs_table
 0xff800000   0x800 _waveform_a
 0xff6019c0    0x4c __getargv
 0xff60193c    0x82 ___div32
 0xff6018fc    0x3e ___ctorloop
 0xff6018f4     0x6 __unknown_exception_occurred
 0xff6018f0     0x4 __install_default_handlers
 0xff601818    0xd6 __heap_malloc
 0xff6016f8   0x120 _findmem
 0xff6016d0    0x22 __Getmem
 0xff601590   0x13e __heap_free
 0xff601530    0x5e _memset
 0xff60151c    0x12 _malloc
 0xff6014d2    0x48 __heap_address_from_index
 0xff601470    0x62 __heap_lookup
 0xff60145c    0x12 __heap_install
 0xff601390    0xcc __heap_install_impl
 0xff601380    0x10 __peak_size
 0xff60133e    0x42 __heap_peak_size
 0xff60132e    0x10 __space_unused
 0xff6012c4    0x6a __heap_space_unused
 0xff6012b0    0x12 _free
 0xff6012a4     0xa _abort
 0xff60129c     0x8 __Exit
 0xff601286    0x14 __Sbrk
 0xff6011ec    0x9a __heap_Sbrk
 0xff6011ac    0x3e __heap_initheaps
 0xff601098    0x5e _raise
 0xff601088     0xe _ReleaseMutex__3VDKF7MutexID
 0xff60107a     0xe _AcquireMutex__3VDKF7MutexID
 0xff601064    0x16 _GetThreadID__3VDKFv
 0xff601056     0xe _PendSemaphore__3VDKF11SemaphoreIDUi
 0xff601048     0xe _PostSemaphore__3VDKF11SemaphoreID
 0xff601032    0x16 _CreateSemaphore__3VDKFUiN31
 0xff601024     0xe __Unlockfileatomic
 0xff601016     0xe __Lockfileatomic
 0xff601008     0xe __Unlocksyslock
 0xff600ffa     0xe __Locksyslock
 0xff600f6e    0x8c _PushUnscheduledRegion__3VDKFv
 0xff600ed0    0x9e _PopUnscheduledRegion__3VDKFv
 0xff600e40    0x90 _GetThreadSlotValue__3VDKFi
 0xff600db0    0x90 _SetThreadSlotValue__3VDKFiPv
 0xff600d36    0x7a _FreeThreadSlot__3VDKFi
 0xff600ca2    0x94 _AllocateThreadSlotEx__3VDKFPiPFPv_v
 0xff600bdc    0xc6 __mc_data_initialise
 0xff600bd6     0x6 _CreateSemaphore__Q2_3VDK13SemaphoreInfoFv
 0xff600bd2     0x4 _DestroySemaphore__3VDKF11SemaphoreID
 0xff600bcc     0x6 _InitMutex__3VDKFPQ2_3VDK5MutexUib
 0xff600bc8     0x4 _DeInitMutex__3VDKFPQ2_3VDK5Mutex
 0xff600bb8     0xe _get_atexit__Atfuns
 0xff600b9e    0x1a _get_atexit__Atcount0
 0xff600b84    0x1a _get_atexit__Atcount
 0xff600a86    0xfe _get_atexit_data
 0xff600998    0xee _get_tm_data_ptr
 0xff6008aa    0xee _get_asctime_data_ptr
 0xff60082e    0x7c _get_rand_rv
 0xff600816    0x18 _get_rand_idx
 0xff6007fe    0x18 _get_rand__Randseed
 0xff6007f0     0xe _get_rand__Randinit
 0xff600714    0xdc _get_rand_data
 0xff60063a    0xda _get_errno_errno
 0xff600560    0xda _get_strtok_ssave
 0xff6004e4    0x7c _exit
 0xff6004a2    0x42 __Atexit
 0xff600460    0x42 _atexit
 0xff600454     0xc _main
 0xff600428    0x2a __primIO
 0xff6003d0    0x56 _PRIMITIVE_WRITE2
 0xff600394    0x3c _flush_cache
 0xff600324    0x70 _PRIMITIVE_SEEK
 0xff6002d0    0x54 _PRIMITIVE_READ
 0xff600294    0x3c _flush_cache
 0xff60022c    0x68 _PRIMITIVE_OPEN
 0xff6001e0    0x4a _PRIMITIVE_CLOSE
 0xff600192    0x4c _primio_open
 0xff60018c     0x6 _primio_init
 0xff6000ac    0xde _init_devtab
 0xff600000    0xac start
 0xff500014  0x7fec heaps_and_stack_in_L1_data_b
 0xff4010d0  0x6f30 heaps_and_stack_in_L1_data_a
 0xff401008    0xc8 _DeviceIOtable
 0xff400fb8    0x50 __Argv
 0xff400fb4     0x4 ___nheaps
 0xff400fb0     0x4 ___heaps
 0xff400f54    0x5c __vector_table
 0xff400eb4    0xa0 __Atfuns
 0xff400e14    0xa0 __Atdata
 0xff400e10     0x4 __exit_value
 0xff400e0c     0x4 __Atcount0
 0xff400e08     0xc .epcdata
 0xff400e04     0x1 .epcdata
 0xff400dd8    0x2c _primio_deventry
 0xff400db0    0x28 _DevDrvTable
 0xff400dae     0x2 _stdioinit
 0xff400dac     0x4 .epcdata
 0xff400dac     0x2 _devtab_initialized
 0xff400da8     0x1 ___argv_string
 0xff400da4     0x4 .epcdata
 0xff400da0     0x4 .epcdata
 0xff400d9c     0x4 __mc_data_initialised.0
 0xff400d98     0x1 .epcdata
 0xff400d94     0x1 .epcdata
 0xff400d7c    0x18 _heap_table
 0xff400d78     0x4 __Godot
 0xff400d74     0x4 __lone_SHARC
 0xff400d58    0x1c _PrimIOCB
 0xff400724   0x634 _icplbs_table
 0xff400000   0x724 _dcplbs_table
 0xfeb1fc00   0x400 ___ssld
 0xfeb100c8    0x90 _dma_descriptor
 0xfeb100c4     0x1 .epcdata
 0xfeb100c0     0x4 __critical_section_holder
 0xfeb100bc     0x4 __critical_section_count
 0xfeb100b8     0x4 __libc_data_lock
 0xfeb10098    0x20 __mc_syslock_data
 0xfeb10094     0x4 __mc_syslock
 0xfeb10090     0x4 __mc_slot_data_lock
 0xfeb10018    0x78 __mc_slot_data
 0xfeb10000    0x18 .epcdatamc_data
 0xfeb00004  0x9000 _buffer0
 0xfeb00000     0x2 _initialized
